[drivers] slp 1981 ok
[drivers] slp 1982 ok
[drivers] slp 1983 ok
[drivers] slp 1984 ok
[drivers] slp 1985 ok
[drivers] slp 1986 ok
[drivers] slp 1987 ok
[drivers] slp 1988 ok
[drivers] slp 1989 ok
[drivers] slp 1990 ok
[drivers] slp 1991 ok
[drivers] slp 1992 ok
[drivers] slp 1993 ok
[drivers] slp 1994 ok
[drivers] slp 1995 ok
[drivers] slp 1996 ok
[drivers] slp 1997 ok
[drivers] slp 1998 ok
[drivers] slp 1999 ok
[drivers] slp 2000 ok
[drivers] slp 2001 ok
[drivers] slp 2002 ok
[drivers] slp 2003 ok
[drivers] slp 2004 ok
[drivers] slp 2005 ok
[drivers] slp 2006 ok
[drivers] slp 2007 ok
[drivers] slp 2008 ok
[drivers] slp 2009 ok
[drivers] slp 2010 ok
[drivers] slp 2011 ok
[drivers] slp 2012 ok
[drivers] slp 2013 ok
[drivers] slp 2014 ok
[drivers] slp 2015 ok
[drivers] slp 2016 ok
[drivers] slp 2017 ok
[drivers] slp 2018 ok
[drivers] slp 2019 ok
[drivers] slp 2020 ok
[drivers] slp 2021 ok
[drivers] slp 2022 ok
[drivers] slp 2023 ok
[drivers] slp 2024 ok
[drivers] u850 1981 ok
[drivers] u850 1982 ok
[drivers] u850 1983 ok
[drivers] u850 1984 ok
[drivers] u850 1985 ok
[drivers] u850 1986 ok
[drivers] u850 1987 ok
[drivers] u850 1988 ok
[drivers] u850 1989 ok
[drivers] u850 1990 ok
[drivers] u850 1991 ok
[drivers] u850 1992 ok
[drivers] u850 1993 ok
[drivers] u850 1994 ok
[drivers] u850 1995 ok
[drivers] u850 1996 ok
[drivers] u850 1997 ok
[drivers] u850 1998 ok
[drivers] u850 1999 ok
[drivers] u850 2000 ok
[drivers] u850 2001 ok
[drivers] u850 2002 ok
[drivers] u850 2003 ok
[drivers] u850 2004 ok
[drivers] u850 2005 ok
[drivers] u850 2006 ok
[drivers] u850 2007 ok
[drivers] u850 2008 ok
[drivers] u850 2009 ok
[drivers] u850 2010 ok
[drivers] u850 2011 ok
[drivers] u850 2012 ok
[drivers] u850 2013 ok
[drivers] u850 2014 ok
[drivers] u850 2015 ok
[drivers] u850 2016 ok
[drivers] u850 2017 ok
[drivers] u850 2018 ok
[drivers] u850 2019 ok
[drivers] u850 2020 ok
[drivers] u850 2021 ok
[drivers] u850 2022 ok
[drivers] u850 2023 ok
[drivers] u850 2024 ok
[drivers] v850 1981 ok
[drivers] v850 1982 ok
[drivers] v850 1983 ok
[drivers] v850 1984 ok
[drivers] v850 1985 ok
[drivers] v850 1986 ok
[drivers] v850 1987 ok
[drivers] v850 1988 ok
[drivers] v850 1989 ok
[drivers] v850 1990 ok
[drivers] v850 1991 ok
[drivers] v850 1992 ok
[drivers] v850 1993 ok
[drivers] v850 1994 ok
[drivers] v850 1995 ok
[drivers] v850 1996 ok
[drivers] v850 1997 ok
[drivers] v850 1998 ok
[drivers] v850 1999 ok
[drivers] v850 2000 ok
[drivers] v850 2001 ok
[drivers] v850 2002 ok
[drivers] v850 2003 ok
[drivers] v850 2004 ok
[drivers] v850 2005 ok
[drivers] v850 2006 ok
[drivers] v850 2007 ok
[drivers] v850 2008 ok
[drivers] v850 2009 ok
[drivers] v850 2010 ok
[drivers] v850 2011 ok
[drivers] v850 2012 ok
[drivers] v850 2013 ok
[drivers] v850 2014 ok
[drivers] v850 2015 ok
[drivers] v850 2016 ok
[drivers] v850 2017 ok
[drivers] v850 2018 ok
[drivers] v850 2019 ok
[drivers] v850 2020 ok
[drivers] v850 2021 ok
[drivers] v850 2022 ok
[drivers] v850 2023 ok
[drivers] v850 2024 ok
[drivers] pwat 1981 ok
[drivers] pwat 1982 ok
[drivers] pwat 1983 ok
[drivers] pwat 1984 ok
[drivers] pwat 1985 ok
[drivers] pwat 1986 ok
[drivers] pwat 1987 ok
[drivers] pwat 1988 ok
[drivers] pwat 1989 ok
[drivers] pwat 1990 ok
[drivers] pwat 1991 ok
[drivers] pwat 1992 ok
[drivers] pwat 1993 ok
[drivers] pwat 1994 ok
[drivers] pwat 1995 ok
[drivers] pwat 1996 ok
[drivers] pwat 1997 ok
[drivers] pwat 1998 ok
[drivers] pwat 1999 ok
[drivers] pwat 2000 ok
[drivers] pwat 2001 ok
[drivers] pwat 2002 ok
[drivers] pwat 2003 ok
[drivers] pwat 2004 ok
[drivers] pwat 2005 ok
[drivers] pwat 2006 ok
[drivers] pwat 2007 ok
[drivers] pwat 2008 ok
[drivers] pwat 2009 ok
[drivers] pwat 2010 ok
[drivers] pwat 2011 ok
[drivers] pwat 2012 ok
[drivers] pwat 2013 ok
[drivers] pwat 2014 ok
[drivers] pwat 2015 ok
[drivers] pwat 2016 ok
[drivers] pwat 2017 ok
[drivers] pwat 2018 ok
[drivers] pwat 2019 ok
[drivers] pwat 2020 ok
[drivers] pwat 2021 ok
[drivers] pwat 2022 ok
[drivers] pwat 2023 ok
[drivers] pwat 2024 ok
[drivers] building slp ...
   slp: anom_std=310.808
[drivers] building u850 ...
   u850: anom_std=2.823
[drivers] building v850 ...
   v850: anom_std=2.303
[drivers] building pwat ...
   pwat: anom_std=4.143
[drivers] done: cube (T=2557, 129x135, K=4) + stats saved
